[www.thelimitfit.com/index.html]
[static.parastorage.com/unpkg/core-js-bundle@3.2.1/minified.js]
[static.wixstatic.com/media/38bacd_9662dc8c7e5543fbb2020268bef38522_mv2.png/v1/fill/w_32,h_32,lg_1,usm_0.66_1.00_0.01/38bacd_9662dc8c7e5543fbb2020268bef38522_mv2.0]
[static.parastorage.com/unpkg/focus-within-polyfill@5.0.9/dist/focus-within-polyfill.js]
[backblue.gif]
[fade.gif]
[index.html]
[polyfill.io/v3/polyfill.mind82c.js]
[browser.sentry-cdn.com/6.18.2/bundle.min.js]
[www.thelimitfit.com/decodeURIComponent(e]
[www.thelimitfit.com/sitemap.xml]
[www.thelimitfit.com/feed.xml]
[static.parastorage.com/services/wix-thunderbolt/dist/bootstrap-features.9ca6e510.bundle.min.js]
[static.parastorage.com/services/wix-thunderbolt/dist/main.cb675ae8.bundle.min.js]
[static.parastorage.com/unpkg/lodash@4.17.21/lodash.min.js]
[static.parastorage.com/unpkg/react@16.14.0/umd/react.production.min.js]
[static.parastorage.com/services/tag-manager-client/1.427.0/siteTags.bundle.min.js]
[static.parastorage.com/services/wix-perf-measure/1.1042.0/wix-perf-measure.bundle.min.js]
[static.parastorage.com/unpkg/react-dom@16.14.0/umd/react-dom.production.min.js]
[www.thelimitfit.com/eec152dc.min.css]
[www.thelimitfit.com/version/index.html]
[www.thelimitfit.com/da6c52cb.min.css]
[www.thelimitfit.com/b604fd33.min.css]
[www.thelimitfit.com/7c602eb2.min.css]
[www.thelimitfit.com/caeea34d.min.css]
[www.thelimitfit.com/47b73115.min.css]
[www.thelimitfit.com/99a6a99f.min.css]
[www.thelimitfit.com/34b72cf9.min.css]
[www.thelimitfit.com/7a36fe10.chunk.min.js]
[www.thelimitfit.com/e3671379.chunk.min.js]
[www.thelimitfit.com/rb_wixui.thunderbolt_bootstrap-classic.db545a77.chunk.min.js]
[www.thelimitfit.com/rb_wixui.thunderbolt_bootstrap.8a86afda.chunk.min.css]
[www.thelimitfit.com/rb_wixui.thunderbolt_bootstrap.7a36fe10.chunk.min.js]
[www.thelimitfit.com/rb_wixui.thunderbolt_bootstrap-responsive.f3ca696f.chunk.min.css]
[www.thelimitfit.com/rb_wixui.thunderbolt_bootstrap-responsive.e3671379.chunk.min.js]
[www.thelimitfit.com/rb_wixui.thunderbolt_common-site-members-dialogs.384b0b57.chunk.min.css]
[www.thelimitfit.com/rb_wixui.thunderbolt_common-site-members-dialogs.2059cbfd.chunk.min.js]
[static.wixstatic.com/media/38bacd_2008d01f9ab94852941efdcd927dce15_mv2.png/v1/crop/x_0,y_139,w_1293,h_449/fill/w_272,h_94,al_c,q_85,usm_0/The%20Limit%20Registere]
[www.thelimitfit.com/cart-page.html]
[www.thelimitfit.com/saturday-dance-party.html]
[www.thelimitfit.com/classes.html]
[www.thelimitfit.com/dance-cardio.html]
[www.thelimitfit.com/cardio-tone.html]
[www.thelimitfit.com/gifts.html]
[www.thelimitfit.com/pricing.html]
[www.thelimitfit.com/shop.html]
[www.thelimitfit.com/about.html]
[www.thelimitfit.com/press.html]
[www.thelimitfit.com/things-we-love.html]
[static.wixstatic.com/media/38bacd_387a7ca126e14ca58cb8f17873c5bd8e_mv2.jpg/v1/fill/w_147,h_98,al_c,q_80,usm_0.66_1.00_0.01,blur_2,/38bacd_387a7ca126e14ca58cb8f178]
[static.wixstatic.com/media/38bacd_7779304b47a445a0a9bc34fd04372e5a_mv2.png/v1/fill/w_179,h_103,al_c,q_85,usm_0.66_1.00_0.01,enc_auto/Shape Dark Mode.png]
[static.wixstatic.com/media/38bacd_2ea3fb58a3c94297a9c4d4ad43c54b3c_mv2.png/v1/fill/w_94,h_94,al_c,q_85,usm_0.66_1.00_0.01,enc_auto/Breast-Cancer-Ribbon-PNG-Image]
[www.thelimitfit.com/faq.html]
[static.wixstatic.com/media/38bacd_8032734cd3fb4cb88a6b35c62e2617d8_mv2.png/v1/fill/w_294,h_69,al_c,q_85,usm_0.66_1.00_0.01,enc_aut/New York Magazine Transparent.2]
[static.wixstatic.com/media/38bacd_fb1dac77b9464ad391b18ece592b2f8e_mv2.png/v1/fill/w_215,h_129,al_c,q_85,usm_0.66_1.00_0.01,enc_auto/Today Dark Mode.png]
[static.wixstatic.com/media/38bacd_3429717328524048b5ac5570ab4d5d0c_mv2.png/v1/fill/w_249,h_76,al_c,q_85,usm_0.66_1.00_0.01,enc_aut/vogue logo transparent.31.delay]
[static.wixstatic.com/media/38bacd_b92203ebcee1444abaebba56fff286c9_mv2.png/v1/fill/w_244,h_43,al_c,q_85,usm_0.66_1.00_0.01,enc_auto/Daily Mail Dark Mode.png]
[static.wixstatic.com/media/38bacd_2008d01f9ab94852941efdcd927dce15_mv2.png/v1/fill/w_57,h_32,al_c,q_85,usm_0.66_1.00_0.01,blur_2,e/The%20Limit%20Registered%20Logo]
[static.wixstatic.com/media/38bacd_01aff22c5a404f0ca8e4e9a3a388896f_mv2.jpg/v1/fill/w_106,h_70,al_c,q_80,usm_0.66_1.00_0.01,blur_2,/38bacd_01aff22c5a404f0ca8e4e9a3]
[static.wixstatic.com/media/38bacd_41d5b4a9ce6d4eed9a5c16a11e997e01f000.jpg/v1/fill/w_147,h_83,al_c,q_80,usm_0.66_1.00_0.01,blur_2,/38bacd_41d5b4a9ce6d4eed9a5c16a1]
[www.thelimitfit.com/terms-and-conditions.html]
[www.thelimitfit.com/index.html]
[www.thelimitfit.com/decodeURIComponent(e.html]
[www.thelimitfit.com/feed.html]
[www.thelimitfit.com/version/index.html]
[www.thelimitfit.com/eec152dc.min.html]
[www.thelimitfit.com/da6c52cb.min.html]
[www.thelimitfit.com/b604fd33.min.html]
[www.thelimitfit.com/7c602eb2.min.html]
[www.thelimitfit.com/caeea34d.min.html]
[www.thelimitfit.com/47b73115.min.html]
[www.thelimitfit.com/99a6a99f.min.html]
[www.thelimitfit.com/34b72cf9.min.html]
[www.thelimitfit.com/7a36fe10.chunk.min.html]
[www.thelimitfit.com/e3671379.chunk.min.html]
[www.thelimitfit.com/rb_wixui.thunderbolt_bootstrap-classic.db545a77.chunk.min.html]
[www.thelimitfit.com/rb_wixui.thunderbolt_bootstrap.8a86afda.chunk.min.html]
[www.thelimitfit.com/rb_wixui.thunderbolt_bootstrap.7a36fe10.chunk.min.html]
[www.thelimitfit.com/rb_wixui.thunderbolt_bootstrap-responsive.f3ca696f.chunk.min.html]
[www.thelimitfit.com/rb_wixui.thunderbolt_bootstrap-responsive.e3671379.chunk.min.html]
[www.thelimitfit.com/rb_wixui.thunderbolt_common-site-members-dialogs.384b0b57.chunk.min.html]
[www.thelimitfit.com/rb_wixui.thunderbolt_common-site-members-dialogs.2059cbfd.chunk.min.html]
[static.parastorage.com/services/wix-thunderbolt/dist/ab-test-compilation/thunderbolt-commons.7ca534fa.bundle.min.js]
[static.parastorage.com/services/wix-thunderbolt/dist/ab-test-compilation/main.c16c2c7f.bundle.min.js]
[www.thelimitfit.com/cart-page.html]
[www.thelimitfit.com/privacy-policy.html]
[static.wixstatic.com/media/38bacd_d3da677ec474454a9ac654d0e13dbe84_mv2.jpg/v1/fill/w_50,h_50,al_c,q_80,usm_0.66_1.00_0.01,blur_3,e/38bacd_d3da677ec474454a9ac654d0]
[static.wixstatic.com/media/38bacd_ee2255f7eda44cc4a17962f068de0734_mv2.jpg/v1/fill/w_50,h_50,al_c,q_80,usm_0.66_1.00_0.01,blur_3,e/38bacd_ee2255f7eda44cc4a17962f0]
[www.thelimitfit.com/service-page/saturday-dance-party-zoom-1.html]
[static.wixstatic.com/media/38bacd_2c1bed23b43d4a4a99b09c0e7553ba6a_mv2.jpg/v1/fill/w_50,h_50,al_c,q_80,usm_0.66_1.00_0.01,blur_3,e/38bacd_2c1bed23b43d4a4a99b09c0e]
[www.thelimitfit.com/service-page/dance-cardio-zoom.html]
[www.thelimitfit.com/classes.html]
[www.thelimitfit.com/saturday-dance-party.html]
[www.thelimitfit.com/dance-cardio.html]
[www.thelimitfit.com/cardio-tone.html]
[www.thelimitfit.com/service-page/cardio-tone-zoom.html]
[static.parastorage.com/services/pricing-plans-tpa/1.2216.0/client/List.chunk.min.css]
[static.parastorage.com/services/pricing-plans-tpa/1.2216.0/client/7724.chunk.min.js]
[static.parastorage.com/services/pricing-plans-tpa/1.2216.0/client/List.chunk.min.js]
[www.thelimitfit.com/pricing.html]
[www.thelimitfit.com/37bd0eeb.min.css]
[static.wixstatic.com/media/38bacd_1723a36399f649879b2417c9b736f498_mv2.png/v1/fill/w_477,h_477,al_c,q_85,usm_0.66_1.00_0.01,enc_auto/HGG slides_heic.png]
[static.wixstatic.com/media/38bacd_d7bae96dfb844a4a882eb48c569249a9_mv2.jpeg/v1/fill/w_477,h_477,al_c,q_80,usm_0.66_1.00_0.01,enc_auto/HGG slides  OD.jpg]
[static.wixstatic.com/media/38bacd_2b441ab0d8a74ad69f3146a9456bc171_mv2.jpeg/v1/fill/w_477,h_477,al_c,q_80,usm_0.66_1.00_0.01,enc_auto/HGG slides Apparel.jpg]
[www.thelimitfit.com/gifts.html]
[static.wixstatic.com/media/38bacd_474d0891109840e88ca4320c330cc18c_mv2.jpe/v1/fill/w_93,h_62,al_c,q_80,usm_0.66_1.00_0.01,blur_2,e/38bacd_474d0891109840e88ca4320c]
[static.wixstatic.com/media/38bacd_431169f8fbc54424b7c21807d5049720_mv2.jpg/v1/fill/w_147,h_147,al_c,q_80,usm_0.66_1.00_0.01,blur_2/38bacd_431169f8fbc54424b7c21807]
[www.thelimitfit.com/product-page/the-limit-special-edition-breast-cancer-awareness-sports-bra.html]
[www.thelimitfit.com/product-page/the-limit-sock-set.html]
[static.wixstatic.com/media/38bacd_61ddf134ec3f45cb8bc053f07b7f832a_mv2.png/v1/fill/w_49,h_52,al_c,q_85,usm_0.66_1.00_0.01,blur_2,e/38bacd_61ddf134ec3f45cb8bc053f0]
[static.wixstatic.com/media/38bacd_b67ad11cc88747ccac8c2b88988a1e18_mv2.jpe/v1/fill/w_147,h_220,al_c,q_80,usm_0.66_1.00_0.01,blur_2/38bacd_b67ad11cc88747ccac8c2b88]
[www.thelimitfit.com/product-page/the-limit-sports-bra.html]
[static.wixstatic.com/media/38bacd_2700d81e088144ae86db1dbb936a1408_mv2.png/v1/fill/w_49,h_49,al_c,q_85,usm_0.66_1.00_0.01,blur_2,e/38bacd_2700d81e088144ae86db1dbb]
[www.thelimitfit.com/product-page/the-limit-hoodie.html]
[www.thelimitfit.com/product-page/the-limit-crop-tank.html]
[static.wixstatic.com/media/38bacd_7581209c9728475d9a676b3ef37df4ec_mv2.jpe/v1/fill/w_147,h_220,al_c,q_80,usm_0.66_1.00_0.01,blur_2/38bacd_7581209c9728475d9a676b3e]
[www.thelimitfit.com/product-page/the-limit-muscle-tank.html]
[static.wixstatic.com/media/38bacd_62b75af0ea0f4f4c8d9bc176bc5bb895_mv2.jpg/v1/fill/w_224,h_299,al_c,q_80,usm_0.66_1.00_0.01,enc_auto/IMG_1563edit_edited.jpg]
[static.wixstatic.com/media/38bacd_12e520ddb9864b87b7bb41e7dafec341_mv2.jpe/v1/fill/w_147,h_220,al_c,q_80,usm_0.66_1.00_0.01,blur_2/38bacd_12e520ddb9864b87b7bb41e7]
[www.thelimitfit.com/shop.html]
[www.thelimitfit.com/about.html]
[www.thelimitfit.com/press.html]
[static.wixstatic.com/media/38bacd_a37c3262083446d8a239ffbc2ce059f3_mv2.jpg/v1/fill/w_123,h_111,al_c,q_80,usm_0.66_1.00_0.01,blur_2/38bacd_a37c3262083446d8a239ffbc]
[static.wixstatic.com/media/38bacd_a193bcfdb7264bfbaf52e3402cffab9b_mv2.jpg/v1/fill/w_123,h_123,al_c,q_80,usm_0.66_1.00_0.01,blur_2/38bacd_a193bcfdb7264bfbaf52e340]
[static.wixstatic.com/media/38bacd_2fa6565d268043abb448812a8652ae3e_mv2.jpg/v1/fill/w_122,h_104,al_c,q_80,usm_0.66_1.00_0.01,blur_2/38bacd_2fa6565d268043abb448812a]
[static.wixstatic.com/media/38bacd_991d65916e1b44a9b52bd55d88db3bf8_mv2.jpg/v1/fill/w_123,h_106,al_c,q_80,usm_0.66_1.00_0.01,blur_2/38bacd_991d65916e1b44a9b52bd55d]
[www.thelimitfit.com/things-we-love.html]
[static.wixstatic.com/media/38bacd_08400ec0bb2747ffb55d646ecbd49706_mv2.jpg/v1/fill/w_122,h_100,al_c,q_80,usm_0.66_1.00_0.01,blur_2/38bacd_08400ec0bb2747ffb55d646e]
[static.wixstatic.com/media/38bacd_1fa40b75725841a39db184ecfefeddb9_mv2.png/v1/fill/w_73,h_135,al_c,q_85,usm_0.66_1.00_0.01,blur_1,/38bacd_1fa40b75725841a39db184ec]
[static.wixstatic.com/media/38bacd_d23a97c5609a4efca249292d32969202_mv2.jpg/v1/fill/w_123,h_123,al_c,q_80,usm_0.66_1.00_0.01,blur_2/38bacd_d23a97c5609a4efca249292d]
[static.wixstatic.com/media/38bacd_80c940f000d345fea51db908b3e98ba1_mv2.png/v1/fill/w_62,h_93,al_c,q_85,usm_0.66_1.00_0.01,blur_2,e/38bacd_80c940f000d345fea51db908]
[www.thelimitfit.com/faq.html]
[static.wixstatic.com/media/38bacd_965c3bb30ff24875b8543311bf63604e_mv2.jpg/v1/fill/w_92,h_117,al_c,q_80,usm_0.66_1.00_0.01,blur_1,/38bacd_965c3bb30ff24875b8543311]
[static.wixstatic.com/media/38bacd_b3a28c6efb514fd791081b814da52af1_mv2.png/v1/fill/w_64,h_104,al_c,q_85,usm_0.66_1.00_0.01,blur_1,/38bacd_b3a28c6efb514fd791081b81]
[static.wixstatic.com/media/38bacd_886ee1683ff042d6b4581f1dc46c6ac5_mv2.jpg/v1/fill/w_99,h_137,al_c,q_80,usm_0.66_1.00_0.01,blur_1,/38bacd_886ee1683ff042d6b4581f1d]
[static.wixstatic.com/media/38bacd_a3cd8ffdb416468d91b5eaf93cef9ca7_mv2.jpg/v1/fill/w_61,h_88,al_c,q_80,usm_0.66_1.00_0.01,blur_2,e/38bacd_a3cd8ffdb416468d91b5eaf9]
[www.thelimitfit.com/terms-and-conditions.html]
[static.wixstatic.com/media/38bacd_0c26e4be0055427a97ccb96b7e3795fb_mv2.jpg/v1/fill/w_61,h_82,al_c,q_80,usm_0.66_1.00_0.01,blur_2,e/38bacd_0c26e4be0055427a97ccb96b]
[static.wixstatic.com/media/38bacd_a3b3f7693faf4a70a6ea733c093ff6bd_mv2.png/v1/fill/w_61,h_96,al_c,q_85,usm_0.66_1.00_0.01,blur_2,e/38bacd_a3b3f7693faf4a70a6ea733c]
[static.wixstatic.com/media/38bacd_ce9a412254614200b01be1bcfe36b8b8_mv2.jpg/v1/fill/w_61,h_41,al_c,q_80,usm_0.66_1.00_0.01,blur_2,e/38bacd_ce9a412254614200b01be1bc]
[static.wixstatic.com/media/38bacd_e15bc19923484a1081484339b9f5d51a_mv2.png/v1/fill/w_51,h_37,al_c,q_85,usm_0.66_1.00_0.01,blur_1,e/38bacd_e15bc19923484a1081484339]
[www.thelimitfit.com/privacy-policy.html]
[static.wixstatic.com/media/38bacd_88a038f4acc1440a84ccbed35b823658_mv2.jpg/v1/fill/w_61,h_61,al_c,q_80,usm_0.66_1.00_0.01,blur_2,e/38bacd_88a038f4acc1440a84ccbed3]
[static.wixstatic.com/media/38bacd_4b415f0517084fa99fab0c02cd814544_mv2.png/v1/fill/w_61,h_58,al_c,q_85,usm_0.66_1.00_0.01,blur_2,e/38bacd_4b415f0517084fa99fab0c02]
[static.wixstatic.com/media/38bacd_a9526841689145d7ad4eec5d361b43e4_mv2.jpg/v1/fill/w_52,h_52,al_c,q_80,usm_0.66_1.00_0.01,blur_2,e/38bacd_a9526841689145d7ad4eec5d]
[static.wixstatic.com/media/38bacd_55189dc942d14afab6c441172e773e19_mv2.png/v1/fill/w_61,h_77,al_c,q_85,usm_0.66_1.00_0.01,blur_2,e/38bacd_55189dc942d14afab6c44117]
[static.wixstatic.com/media/38bacd_1e5a9516678b47a1b8f25b803ff494fd_mv2.jpg/v1/fill/w_41,h_52,al_c,q_80,usm_0.66_1.00_0.01,blur_2,e/38bacd_1e5a9516678b47a1b8f25b80]
[static.wixstatic.com/media/38bacd_81cd8d9176734d6e874e5f96ebc0de83_mv2.jpe/v1/fill/w_58,h_39,al_c,q_80,usm_0.66_1.00_0.01,blur_2,e/38bacd_81cd8d9176734d6e874e5f96]
[static.wixstatic.com/media/38bacd_74c3bb6a4bb04b548f19857bca3508aa_mv2.jpg/v1/fill/w_41,h_52,al_c,q_80,usm_0.66_1.00_0.01,blur_2,e/38bacd_74c3bb6a4bb04b548f19857b]
[static.wixstatic.com/media/38bacd_ab609b7355624f5c8714e62c76605c7d_mv2.jpe/v1/fill/w_59,h_39,al_c,q_80,usm_0.66_1.00_0.01,blur_2,e/38bacd_ab609b7355624f5c8714e62c]
[static.wixstatic.com/media/38bacd_7e1c1c7295d142e588eeaca3bd8ca436_mv2.png/v1/fill/w_58,h_39,al_c,q_85,usm_0.66_1.00_0.01,blur_2,e/38bacd_7e1c1c7295d142e588eeaca3]
[static.wixstatic.com/media/38bacd_1d435a82cc9441b0ac03928bd1489542_mv2.png/v1/fill/w_41,h_52,al_c,q_85,usm_0.66_1.00_0.01,blur_2,e/38bacd_1d435a82cc9441b0ac03928b]
[static.wixstatic.com/media/38bacd_92586e0b4aa34cd5855c0bab7ca79173_mv2.png/v1/fill/w_59,h_33,al_c,q_85,usm_0.66_1.00_0.01,blur_2,e/38bacd_92586e0b4aa34cd5855c0bab]
[www.thelimitfit.com/service-page/decodeURIComponent(e.html]
[www.thelimitfit.com/service-page/sitemap.xml]
[www.thelimitfit.com/service-page/robots.html]
[www.thelimitfit.com/service-page/feed.xml]
[www.thelimitfit.com/service-page/da6c52cb.min.html]
[www.thelimitfit.com/service-page/version/index.html]
[www.thelimitfit.com/service-page/b604fd33.min.html]
[www.thelimitfit.com/service-page/caeea34d.min.html]
[www.thelimitfit.com/service-page/99a6a99f.min.html]
[www.thelimitfit.com/service-page/34b72cf9.min.html]
[www.thelimitfit.com/service-page/7a36fe10.chunk.min.html]
[www.thelimitfit.com/service-page/e3671379.chunk.min.html]
[www.thelimitfit.com/service-page/rb_wixui.thunderbolt_bootstrap-classic.db545a77.chunk.min.html]
[www.thelimitfit.com/service-page/rb_wixui.thunderbolt_bootstrap.8a86afda.chunk.min.html]
[www.thelimitfit.com/service-page/rb_wixui.thunderbolt_bootstrap.7a36fe10.chunk.min.html]
[www.thelimitfit.com/service-page/saturday-dance-party-zoom-1.html]
[www.thelimitfit.com/service-page/dance-cardio-zoom.html]
[www.thelimitfit.com/service-page/cardio-tone-zoom.html]
[static.parastorage.com/services/pricing-plans-tpa/1.2216.0/client/List.chunk.min.css]
[www.thelimitfit.com/37bd0eeb.min.html]
[www.thelimitfit.com/service-page/rb_wixui.thunderbolt_bootstrap-responsive.f3ca696f.chunk.min.html]
[www.thelimitfit.com/service-page/rb_wixui.thunderbolt_bootstrap-responsive.e3671379.chunk.min.html]
[www.thelimitfit.com/product-page/decodeURIComponent(e.html]
[www.thelimitfit.com/product-page/sitemap.xml]
[www.thelimitfit.com/product-page/robots.html]
[www.thelimitfit.com/product-page/feed.xml]
[www.thelimitfit.com/product-page/da6c52cb.min.html]
[www.thelimitfit.com/product-page/version/index.html]
[www.thelimitfit.com/product-page/b604fd33.min.html]
[www.thelimitfit.com/product-page/caeea34d.min.html]
[www.thelimitfit.com/product-page/99a6a99f.min.html]
[www.thelimitfit.com/product-page/34b72cf9.min.html]
[www.thelimitfit.com/product-page/7a36fe10.chunk.min.html]
[www.thelimitfit.com/product-page/rb_wixui.thunderbolt_bootstrap-classic.db545a77.chunk.min.html]
[www.thelimitfit.com/product-page/e3671379.chunk.min.html]
[www.thelimitfit.com/product-page/rb_wixui.thunderbolt_bootstrap.8a86afda.chunk.min.html]
[www.thelimitfit.com/product-page/rb_wixui.thunderbolt_bootstrap.7a36fe10.chunk.min.html]
[www.thelimitfit.com/product-page/rb_wixui.thunderbolt_bootstrap-responsive.f3ca696f.chunk.min.html]
[www.thelimitfit.com/product-page/rb_wixui.thunderbolt_bootstrap-responsive.e3671379.chunk.min.html]
[www.thelimitfit.com/product-page/the-limit-special-edition-breast-cancer-awareness-sports-bra.html]
[static.wixstatic.com/media/38bacd_431169f8fbc54424b7c21807d5049720_mv2.jpg/v1/fill/w_498,h_498,al_c,q_50,usm_0.66_1.00_0.01/38bacd_431169f8fbc54424b7c21807d504972]
[static.wixstatic.com/media/38bacd_431169f8fbc54424b7c21807d5049720_mv2.jpg/v1/fill/w_996,h_996,al_c,q_85,usm_0.66_1.00_0.01/38bacd_431169f8fbc54424b7c21807d504972]
[www.thelimitfit.com/product-page/the-limit-sock-set.html]
[static.wixstatic.com/media/38bacd_61ddf134ec3f45cb8bc053f07b7f832a_mv2.png/v1/fill/w_996,h_996,al_c,usm_0.66_1.00_0.01/38bacd_61ddf134ec3f45cb8bc053f07b7f832a_mv2]
[static.wixstatic.com/media/38bacd_61ddf134ec3f45cb8bc053f07b7f832a_mv2.png/v1/fill/w_498,h_498,al_c,usm_0.66_1.00_0.01/38bacd_61ddf134ec3f45cb8bc053f07b7f832a_mv2]
[www.thelimitfit.com/product-page/the-limit-sports-bra.html]
[static.wixstatic.com/media/38bacd_b67ad11cc88747ccac8c2b88988a1e18_mv2.jpe/v1/fill/w_996,h_1496,al_c,q_85,usm_0.66_1.00_0.01/38bacd_b67ad11cc88747ccac8c2b88988a1e]
[www.thelimitfit.com/home.html]
[static.wixstatic.com/media/38bacd_b67ad11cc88747ccac8c2b88988a1e18_mv2.jpe/v1/fill/w_498,h_748,al_c,q_50,usm_0.66_1.00_0.01/38bacd_b67ad11cc88747ccac8c2b88988a1e1]
[www.thelimitfit.com/product-page/the-limit-hoodie.html]
[static.wixstatic.com/media/38bacd_2700d81e088144ae86db1dbb936a1408_mv2.png/v1/fill/w_996,h_996,al_c,usm_0.66_1.00_0.01/38bacd_2700d81e088144ae86db1dbb936a1408_mv2]
[static.wixstatic.com/media/38bacd_2700d81e088144ae86db1dbb936a1408_mv2.png/v1/fill/w_498,h_498,al_c,usm_0.66_1.00_0.01/38bacd_2700d81e088144ae86db1dbb936a1408_mv2]
[static.wixstatic.com/media/38bacd_13dde2c5fe564885959ff3b13114d43b_mv2.jpeg/v1/fill/w_682,h_1024,al_c,q_85/38bacd_13dde2c5fe564885959ff3b13114d43b_mv2.jpg]
[static.wixstatic.com/media/38bacd_7581209c9728475d9a676b3ef37df4ec_mv2.jpe/v1/fill/w_498,h_748,al_c,q_50,usm_0.66_1.00_0.01/38bacd_7581209c9728475d9a676b3ef37df4e]
[static.wixstatic.com/media/38bacd_1a89c259ea184bf088edc0f5f0fd599f_mv2.jpeg/v1/fill/w_569,h_854,al_c,q_85/38bacd_1a89c259ea184bf088edc0f5f0fd599f_mv2.jpg]
[www.thelimitfit.com/product-page/the-limit-crop-tank.html]
[static.wixstatic.com/media/38bacd_7581209c9728475d9a676b3ef37df4ec_mv2.jpe/v1/fill/w_996,h_1496,al_c,q_85,usm_0.66_1.00_0.01/38bacd_7581209c9728475d9a676b3ef37df4]
[static.wixstatic.com/media/38bacd_7581209c9728475d9a676b3ef37df4ec_mv2.jpe/v1/fill/w_45,h_45,al_c,q_50,usm_0.66_1.00_0.01/38bacd_7581209c9728475d9a676b3ef37df4ec_]
[static.wixstatic.com/media/38bacd_83f65698d6d044bc9417b48d7113662c_mv2.jpe/v1/fill/w_996,h_1496,al_c,q_85,usm_0.66_1.00_0.01/38bacd_83f65698d6d044bc9417b48d711366]
[static.wixstatic.com/media/38bacd_13dde2c5fe564885959ff3b13114d43b_mv2.jpe/v1/fill/w_45,h_45,al_c,q_50,usm_0.66_1.00_0.01/38bacd_13dde2c5fe564885959ff3b13114d43b_]
[static.wixstatic.com/media/38bacd_1a89c259ea184bf088edc0f5f0fd599f_mv2.jpe/v1/fill/w_45,h_45,al_c,q_50,usm_0.66_1.00_0.01/38bacd_1a89c259ea184bf088edc0f5f0fd599f_]
[static.wixstatic.com/media/38bacd_83f65698d6d044bc9417b48d7113662c_mv2.jpe/v1/fill/w_45,h_45,al_c,q_50,usm_0.66_1.00_0.01/38bacd_83f65698d6d044bc9417b48d7113662c_]
[static.wixstatic.com/media/38bacd_1d939f0a34de49a99a2158acdf9cc5a5_mv2.jpeg/v1/fill/w_711,h_1068,al_c,q_85/38bacd_1d939f0a34de49a99a2158acdf9cc5a5_mv2.jpg]
[www.thelimitfit.com/product-page/the-limit-muscle-tank.html]
[static.wixstatic.com/media/38bacd_12e520ddb9864b87b7bb41e7dafec341_mv2.jpe/v1/fill/w_498,h_748,al_c,q_50,usm_0.66_1.00_0.01/38bacd_12e520ddb9864b87b7bb41e7dafec34]
[static.wixstatic.com/media/38bacd_12e520ddb9864b87b7bb41e7dafec341_mv2.jpe/v1/fill/w_996,h_1496,al_c,q_85,usm_0.66_1.00_0.01/38bacd_12e520ddb9864b87b7bb41e7dafec3]
[static.wixstatic.com/media/38bacd_474d0891109840e88ca4320c330cc18c_mv2.jpe/v1/fill/w_996,h_1496,al_c,q_85,usm_0.66_1.00_0.01/38bacd_474d0891109840e88ca4320c330cc1]
[static.wixstatic.com/media/38bacd_5160f729120b4060ab0e1cec215e8a9b_mv2.jpg/v1/fill/w_996,h_1496,al_c,q_85,usm_0.66_1.00_0.01/38bacd_5160f729120b4060ab0e1cec215e8a]
[static.wixstatic.com/media/38bacd_12e520ddb9864b87b7bb41e7dafec341_mv2.jpe/v1/fill/w_45,h_45,al_c,q_50,usm_0.66_1.00_0.01/38bacd_12e520ddb9864b87b7bb41e7dafec341_]
[www.thelimitfit.com/service-page/decodeURIComponent(e.html]
[static.wixstatic.com/media/38bacd_1d939f0a34de49a99a2158acdf9cc5a5_mv2.jpe/v1/fill/w_45,h_45,al_c,q_50,usm_0.66_1.00_0.01/38bacd_1d939f0a34de49a99a2158acdf9cc5a5_]
[static.wixstatic.com/media/38bacd_474d0891109840e88ca4320c330cc18c_mv2.jpe/v1/fill/w_45,h_45,al_c,q_50,usm_0.66_1.00_0.01/38bacd_474d0891109840e88ca4320c330cc18c_]
[static.wixstatic.com/media/38bacd_5160f729120b4060ab0e1cec215e8a9b_mv2.jpg/v1/fill/w_45,h_45,al_c,q_50,usm_0.66_1.00_0.01/38bacd_5160f729120b4060ab0e1cec215e8a9b_]
[www.thelimitfit.com/service-page/robots.html]
[www.thelimitfit.com/service-page/sitemap.html]
[www.thelimitfit.com/service-page/feed.html]
[www.thelimitfit.com/service-page/version/decodeURIComponent(e.html]
[www.thelimitfit.com/service-page/version/sitemap.xml]
[www.thelimitfit.com/service-page/version/feed.xml]
[www.thelimitfit.com/service-page/version/robots.html]
[www.thelimitfit.com/service-page/version/version/index.html]
[www.thelimitfit.com/service-page/version.html]
[www.thelimitfit.com/service-page/version/da6c52cb.min.html]
[www.thelimitfit.com/service-page/version/b604fd33.min.html]
[www.thelimitfit.com/service-page/version/caeea34d.min.html]
[www.thelimitfit.com/service-page/version/99a6a99f.min.html]
[www.thelimitfit.com/service-page/version/7a36fe10.chunk.min.html]
[www.thelimitfit.com/service-page/version/34b72cf9.min.html]
[www.thelimitfit.com/service-page/version/e3671379.chunk.min.html]
[www.thelimitfit.com/service-page/version/rb_wixui.thunderbolt_bootstrap-classic.db545a77.chunk.min.html]
[www.thelimitfit.com/service-page/version/rb_wixui.thunderbolt_bootstrap.8a86afda.chunk.min.html]
[www.thelimitfit.com/service-page/version/rb_wixui.thunderbolt_bootstrap.7a36fe10.chunk.min.html]
[www.thelimitfit.com/service-page/version/rb_wixui.thunderbolt_bootstrap-responsive.f3ca696f.chunk.min.html]
[www.thelimitfit.com/service-page/version/index.html]
[www.thelimitfit.com/service-page/da6c52cb.min.html]
[www.thelimitfit.com/service-page/b604fd33.min.html]
[www.thelimitfit.com/service-page/caeea34d.min.html]
[www.thelimitfit.com/service-page/99a6a99f.min.html]
[www.thelimitfit.com/service-page/34b72cf9.min.html]
[www.thelimitfit.com/service-page/7a36fe10.chunk.min.html]
[www.thelimitfit.com/service-page/e3671379.chunk.min.html]
[www.thelimitfit.com/service-page/rb_wixui.thunderbolt_bootstrap-classic.db545a77.chunk.min.html]
[www.thelimitfit.com/service-page/rb_wixui.thunderbolt_bootstrap.8a86afda.chunk.min.html]
[www.thelimitfit.com/service-page/rb_wixui.thunderbolt_bootstrap.7a36fe10.chunk.min.html]
[www.thelimitfit.com/service-page/rb_wixui.thunderbolt_bootstrap-responsive.f3ca696f.chunk.min.html]
[www.thelimitfit.com/service-page/rb_wixui.thunderbolt_bootstrap-responsive.e3671379.chunk.min.html]
[www.thelimitfit.com/product-page/decodeURIComponent(e.html]
[www.thelimitfit.com/product-page/robots.html]
[www.thelimitfit.com/product-page/sitemap.html]
[www.thelimitfit.com/product-page/feed.html]
[www.thelimitfit.com/service-page/version/rb_wixui.thunderbolt_bootstrap-responsive.e3671379.chunk.min.html]
[www.thelimitfit.com/product-page/version/decodeURIComponent(e.html]
[www.thelimitfit.com/product-page/version/sitemap.xml]
[www.thelimitfit.com/product-page/version/robots.html]
[www.thelimitfit.com/product-page/version/feed.xml]
[www.thelimitfit.com/product-page/version.html]
[www.thelimitfit.com/product-page/version/da6c52cb.min.html]
[www.thelimitfit.com/product-page/version/b604fd33.min.html]
[www.thelimitfit.com/product-page/version/caeea34d.min.html]
[www.thelimitfit.com/product-page/version/99a6a99f.min.html]
[www.thelimitfit.com/product-page/version/34b72cf9.min.html]
[www.thelimitfit.com/product-page/version/7a36fe10.chunk.min.html]
[www.thelimitfit.com/product-page/version/e3671379.chunk.min.html]
[www.thelimitfit.com/product-page/version/rb_wixui.thunderbolt_bootstrap-classic.db545a77.chunk.min.html]
[www.thelimitfit.com/product-page/version/rb_wixui.thunderbolt_bootstrap.8a86afda.chunk.min.html]
[www.thelimitfit.com/product-page/version/rb_wixui.thunderbolt_bootstrap.7a36fe10.chunk.min.html]
[www.thelimitfit.com/product-page/version/rb_wixui.thunderbolt_bootstrap-responsive.f3ca696f.chunk.min.html]
[www.thelimitfit.com/product-page/version/index.html]
[www.thelimitfit.com/product-page/da6c52cb.min.html]
[www.thelimitfit.com/product-page/b604fd33.min.html]
[www.thelimitfit.com/product-page/caeea34d.min.html]
[www.thelimitfit.com/product-page/99a6a99f.min.html]
[www.thelimitfit.com/product-page/34b72cf9.min.html]
[www.thelimitfit.com/product-page/7a36fe10.chunk.min.html]
[www.thelimitfit.com/product-page/e3671379.chunk.min.html]
[www.thelimitfit.com/product-page/rb_wixui.thunderbolt_bootstrap-classic.db545a77.chunk.min.html]
[www.thelimitfit.com/product-page/rb_wixui.thunderbolt_bootstrap.8a86afda.chunk.min.html]
[www.thelimitfit.com/product-page/rb_wixui.thunderbolt_bootstrap.7a36fe10.chunk.min.html]
[www.thelimitfit.com/product-page/rb_wixui.thunderbolt_bootstrap-responsive.f3ca696f.chunk.min.html]
[www.thelimitfit.com/product-page/rb_wixui.thunderbolt_bootstrap-responsive.e3671379.chunk.min.html]
